---
source: tests/snapshot_tests.rs
expression: redact(&body)
---
token: ~
user:
  banExpires: ~
  banReason: ~
  banned: false
  createdAt: "[timestamp]"
  displayUsername: ~
  email: chgpwd_snap@example.com
  emailVerified: false
  id: "[uuid]"
  image: ~
  name: ChgPwd Snap
  role: ~
  twoFactorEnabled: false
  updatedAt: "[timestamp]"
  username: ~
